################################################################################
#                                                                              #
#      IAR Universal Linker V6.3.4.78                                          #
#                                                                              #
#           Link time     =  12/Dec/2016  16:50:15                             #
#           Target CPU    =  MSP430                                            #
#           List file     =  "C:\Users\zpeng\OneDrive - Texas Tech University\ #
#                            ADC\Debug\List\main.map"                          #
#           Output file 1 =  "C:\Users\zpeng\OneDrive - Texas Tech University\ #
#                            ADC\Debug\Exe\main.d43"                           #
#                            Format: ubrof10                                   #
#                            UBROF version 10.0.6                              #
#                            Using library modules for C-SPY (-rt)             #
#           Command line  =  "C:\Users\zpeng\OneDrive - Texas Tech University\ #
#                            ADC\Debug\Obj\main.r43"                           #
#                            -o                                                #
#                            "C:\Users\zpeng\OneDrive - Texas Tech University\ #
#                            ADC\Debug\Exe\main.d43"                           #
#                            -l                                                #
#                            "C:\Users\zpeng\OneDrive - Texas Tech University\ #
#                            ADC\Debug\List\main.map"                          #
#                            -xms                                              #
#                            "-IC:\Program Files (x86)\IAR Systems\Embedded Wo #
#                            rkbench 7.3\430\LIB\"                             #
#                            -f                                                #
#                            "C:\Program Files (x86)\IAR Systems\Embedded Work #
#                            bench 7.3\430\config\linker\lnk430f2619.xcl"      #
#                            (-cmsp430 -QCODE_I=CODE_ID -QTLS16_I=TLS16_ID     #
#                            -D__iar_HWMUL=130 -Z(CONST)INFO=1000-10FF         #
#                            -Z(CONST)INFOA=10C0-10FF                          #
#                            -Z(CONST)INFOB=1080-10BF                          #
#                            -Z(CONST)INFOC=1040-107F                          #
#                            -Z(CONST)INFOD=1000-103F                          #
#                            -Z(DATA)DATA16_I,DATA16_Z,DATA16_N,TLS16_I=1100-2 #
#                            0FF                                               #
#                            -Z(DATA)DATA16_HEAP+_DATA16_HEAP_SIZE             #
#                            -Z(DATA)CODE_I                                    #
#                            -Z(DATA)DATA20_I,DATA20_Z,DATA20_N,DATA20_HEAP+_D #
#                            ATA20_HEAP_SIZE                                   #
#                            -Z(DATA)CSTACK+_STACK_SIZE#                       #
#                            -Z(CONST)DATA16_C,DATA16_ID,TLS16_ID,DIFUNCT,CHEC #
#                            KSUM=2100-FFBD                                    #
#                            -Z(CODE)CSTART,ISR_CODE,CODE16=2100-FFBD          #
#                            -P(CODE)CODE=2100-FFBD,10000-1FFFF                #
#                            -Z(CONST)DATA20_C,DATA20_ID,CODE_ID=2100-FFBD,100 #
#                            40-1FFFF                                          #
#                            -Z(CONST)SIGNATURE=FFBE-FFBF                      #
#                            -Z(CODE)INTVEC=FFC0-FFFF                          #
#                            -Z(CODE)RESET=FFFE-FFFF) -f                       #
#                            "C:\Program Files (x86)\IAR Systems\Embedded Work #
#                            bench 7.3\430\config\linker\multiplier.xcl"       #
#                            (-e?Mul8Hw=?Mul8 -e?Mul16Hw=?Mul16                #
#                            -e?Mul16to32uHw=?Mul16to32u                       #
#                            -e?Mul16to32sHw=?Mul16to32s -e?Mul32Hw=?Mul32     #
#                            -e_Mul64iHw=_Mul64i                               #
#                            -e_Mul32u32uto64iHw=_Mul32u32uto64i               #
#                            -e?Mul32fHw=_Mul32f -e_Mul64fHwPtr=_Mul64fPtr)    #
#                            -D_STACK_SIZE=50 -rt                              #
#                            "C:\Program Files (x86)\IAR Systems\Embedded Work #
#                            bench 7.3\430\lib\dlib\dl430xlsfn.r43"            #
#                            -e_PrintfLarge=_Printf -e_ScanfLarge=_Scanf       #
#                            -D_DATA16_HEAP_SIZE=50 -s __program_start         #
#                            -D_DATA20_HEAP_SIZE=50                            #
#                                                                              #
#                           Copyright (C) 1987-2015 IAR Systems AB.            #
################################################################################





                ****************************************
                *                                      *
                *           CROSS REFERENCE            *
                *                                      *
                ****************************************

       Program entry at :           2106  Relocatable, from module : ?cstart




                ****************************************
                *                                      *
                *            RUNTIME MODEL             *
                *                                      *
                ****************************************

  __Heap_Handler             = Basic
  __SystemLibrary            = DLib
  __code_model               = large
  __core                     = 430X
  __data_model               = small
  __dlib_file_descriptor     = 0
  __dlib_full_locale_support = 0
  __double_size              = 32
  __pic                      = no
  __reg_r4                   = free
  __reg_r5                   = free
  __rt_version               = 3

                ****************************************
                *                                      *
                *    AUTOMATIC SYMBOL REDIRECTIONS     *
                *                                      *
                ****************************************

                  There are no automatic symbol redirections.



                ****************************************
                *                                      *
                *              MODULE MAP              *
                *                                      *
                ****************************************


  DEFINED ABSOLUTE ENTRIES
    *************************************************************************

  DEFINED ABSOLUTE ENTRIES
  PROGRAM MODULE, NAME : ?ABS_ENTRY_MOD

Absolute parts
           ENTRY                   ADDRESS         REF BY
           =====                   =======         ======
           _DATA20_HEAP_SIZE       0050 
           _DATA16_HEAP_SIZE       0050 
           _STACK_SIZE             0050 
           __iar_HWMUL             0130 
    *************************************************************************

  FILE NAME : C:\Users\zpeng\OneDrive - Texas Tech University\ADC\Debug\Obj\main.r43
  PROGRAM MODULE, NAME : main

  SEGMENTS IN THE MODULE
  ======================
DATA16_AN
  Relative segment, address: 0001 - 0001 (0x1 bytes), align: 0
  Segment part 1. ROOT        Intra module refs:   main
           ENTRY                   ADDRESS         REF BY
           =====                   =======         ======
           _A_IE2                  0001 
           LOCAL                   ADDRESS         
           =====                   =======         
           IE2                     0001 
           IE2_bit                 0001 
    -------------------------------------------------------------------------
DATA16_AN
  Relative segment, address: 0003 - 0003 (0x1 bytes), align: 0
  Segment part 2. ROOT        Intra module refs:   USCI0RX_ISR
                                                   sendCache
           ENTRY                   ADDRESS         REF BY
           =====                   =======         ======
           _A_IFG2                 0003 
           LOCAL                   ADDRESS         
           =====                   =======         
           IFG2                    0003 
           IFG2_bit                0003 
    -------------------------------------------------------------------------
DATA16_AN
  Relative segment, address: 01A0 - 01A1 (0x2 bytes), align: 0
  Segment part 3. ROOT        Intra module refs:   main
           ENTRY                   ADDRESS         REF BY
           =====                   =======         ======
           _A_ADC12CTL0            01A0 
           LOCAL                   ADDRESS         
           =====                   =======         
           ADC12CTL0               01A0 
           ADC12CTL0_bit           01A0 
    -------------------------------------------------------------------------
DATA16_AN
  Relative segment, address: 01A2 - 01A3 (0x2 bytes), align: 0
  Segment part 4. ROOT        Intra module refs:   main
           ENTRY                   ADDRESS         REF BY
           =====                   =======         ======
           _A_ADC12CTL1            01A2 
           LOCAL                   ADDRESS         
           =====                   =======         
           ADC12CTL1               01A2 
           ADC12CTL1_bit           01A2 
    -------------------------------------------------------------------------
DATA16_AN
  Relative segment, address: 01A6 - 01A7 (0x2 bytes), align: 0
  Segment part 5. ROOT        Intra module refs:   main
           ENTRY                   ADDRESS         REF BY
           =====                   =======         ======
           ADC12IE                 01A6 
    -------------------------------------------------------------------------
DATA16_AN
  Relative segment, address: 0140 - 0141 (0x2 bytes), align: 0
  Segment part 6. ROOT        Intra module refs:   ADC12ISR
           ENTRY                   ADDRESS         REF BY
           =====                   =======         ======
           ADC12MEM0               0140 
    -------------------------------------------------------------------------
DATA16_AN
  Relative segment, address: 0142 - 0143 (0x2 bytes), align: 0
  Segment part 7. ROOT        Intra module refs:   ADC12ISR
           ENTRY                   ADDRESS         REF BY
           =====                   =======         ======
           ADC12MEM1               0142 
    -------------------------------------------------------------------------
DATA16_AN
  Relative segment, address: 0080 - 0080 (0x1 bytes), align: 0
  Segment part 8. ROOT        Intra module refs:   main
           ENTRY                   ADDRESS         REF BY
           =====                   =======         ======
           _A_ADC12MCTL0           0080 
           LOCAL                   ADDRESS         
           =====                   =======         
           ADC12MCTL0              0080 
           ADC12MCTL0_bit          0080 
    -------------------------------------------------------------------------
DATA16_AN
  Relative segment, address: 0081 - 0081 (0x1 bytes), align: 0
  Segment part 9. ROOT        Intra module refs:   main
           ENTRY                   ADDRESS         REF BY
           =====                   =======         ======
           _A_ADC12MCTL1           0081 
           LOCAL                   ADDRESS         
           =====                   =======         
           ADC12MCTL1              0081 
           ADC12MCTL1_bit          0081 
    -------------------------------------------------------------------------
DATA16_AN
  Relative segment, address: 0056 - 0056 (0x1 bytes), align: 0
  Segment part 10. ROOT       Intra module refs:   clockConfig
           ENTRY                   ADDRESS         REF BY
           =====                   =======         ======
           _A_DCOCTL               0056 
           LOCAL                   ADDRESS         
           =====                   =======         
           DCOCTL                  0056 
           DCOCTL_bit              0056 
    -------------------------------------------------------------------------
DATA16_AN
  Relative segment, address: 0057 - 0057 (0x1 bytes), align: 0
  Segment part 11. ROOT       Intra module refs:   clockConfig
           ENTRY                   ADDRESS         REF BY
           =====                   =======         ======
           _A_BCSCTL1              0057 
           LOCAL                   ADDRESS         
           =====                   =======         
           BCSCTL1                 0057 
           BCSCTL1_bit             0057 
    -------------------------------------------------------------------------
DATA16_AN
  Relative segment, address: 0022 - 0022 (0x1 bytes), align: 0
  Segment part 12. ROOT       Intra module refs:   main
           ENTRY                   ADDRESS         REF BY
           =====                   =======         ======
           _A_P1DIR                0022 
           LOCAL                   ADDRESS         
           =====                   =======         
           P1DIR                   0022 
           P1DIR_bit               0022 
    -------------------------------------------------------------------------
DATA16_AN
  Relative segment, address: 0029 - 0029 (0x1 bytes), align: 0
  Segment part 13. ROOT       Intra module refs:   Timer_A
           ENTRY                   ADDRESS         REF BY
           =====                   =======         ======
           _A_P2OUT                0029 
           LOCAL                   ADDRESS         
           =====                   =======         
           P2OUT                   0029 
           P2OUT_bit               0029 
    -------------------------------------------------------------------------
DATA16_AN
  Relative segment, address: 002A - 002A (0x1 bytes), align: 0
  Segment part 14. ROOT       Intra module refs:   main
           ENTRY                   ADDRESS         REF BY
           =====                   =======         ======
           _A_P2DIR                002A 
           LOCAL                   ADDRESS         
           =====                   =======         
           P2DIR                   002A 
           P2DIR_bit               002A 
    -------------------------------------------------------------------------
DATA16_AN
  Relative segment, address: 0019 - 0019 (0x1 bytes), align: 0
  Segment part 15. ROOT       Intra module refs:   main
           ENTRY                   ADDRESS         REF BY
           =====                   =======         ======
           _A_P3OUT                0019 
           LOCAL                   ADDRESS         
           =====                   =======         
           P3OUT                   0019 
           P3OUT_bit               0019 
    -------------------------------------------------------------------------
DATA16_AN
  Relative segment, address: 001B - 001B (0x1 bytes), align: 0
  Segment part 16. ROOT       Intra module refs:   main
           ENTRY                   ADDRESS         REF BY
           =====                   =======         ======
           _A_P3SEL                001B 
           LOCAL                   ADDRESS         
           =====                   =======         
           P3SEL                   001B 
           P3SEL_bit               001B 
    -------------------------------------------------------------------------
DATA16_AN
  Relative segment, address: 0037 - 0037 (0x1 bytes), align: 0
  Segment part 17. ROOT       Intra module refs:   main
           ENTRY                   ADDRESS         REF BY
           =====                   =======         ======
           _A_P6SEL                0037 
           LOCAL                   ADDRESS         
           =====                   =======         
           P6SEL                   0037 
           P6SEL_bit               0037 
    -------------------------------------------------------------------------
DATA16_AN
  Relative segment, address: 0160 - 0161 (0x2 bytes), align: 0
  Segment part 18. ROOT       Intra module refs:   main
           ENTRY                   ADDRESS         REF BY
           =====                   =======         ======
           _A_TACTL                0160 
           LOCAL                   ADDRESS         
           =====                   =======         
           TACTL                   0160 
           TACTL_bit               0160 
    -------------------------------------------------------------------------
DATA16_AN
  Relative segment, address: 0162 - 0163 (0x2 bytes), align: 0
  Segment part 19. ROOT       Intra module refs:   main
           ENTRY                   ADDRESS         REF BY
           =====                   =======         ======
           _A_TACCTL0              0162 
           LOCAL                   ADDRESS         
           =====                   =======         
           TACCTL0                 0162 
           TACCTL0_bit             0162 
    -------------------------------------------------------------------------
DATA16_AN
  Relative segment, address: 0172 - 0173 (0x2 bytes), align: 0
  Segment part 20. ROOT       Intra module refs:   Timer_A
                                                   main
           ENTRY                   ADDRESS         REF BY
           =====                   =======         ======
           TACCR0                  0172 
    -------------------------------------------------------------------------
DATA16_AN
  Relative segment, address: 0061 - 0061 (0x1 bytes), align: 0
  Segment part 21. ROOT       Intra module refs:   main
           ENTRY                   ADDRESS         REF BY
           =====                   =======         ======
           _A_UCA0CTL1             0061 
           LOCAL                   ADDRESS         
           =====                   =======         
           UCA0CTL1                0061 
           UCA0CTL1__SPI           0061 
           UCA0CTL1__SPI_bit       0061 
           UCA0CTL1_bit            0061 
    -------------------------------------------------------------------------
DATA16_AN
  Relative segment, address: 0062 - 0062 (0x1 bytes), align: 0
  Segment part 22. ROOT       Intra module refs:   main
           ENTRY                   ADDRESS         REF BY
           =====                   =======         ======
           _A_UCA0BR0              0062 
           LOCAL                   ADDRESS         
           =====                   =======         
           UCA0BR0                 0062 
           UCA0BR0__SPI            0062 
    -------------------------------------------------------------------------
DATA16_AN
  Relative segment, address: 0063 - 0063 (0x1 bytes), align: 0
  Segment part 23. ROOT       Intra module refs:   main
           ENTRY                   ADDRESS         REF BY
           =====                   =======         ======
           _A_UCA0BR1              0063 
           LOCAL                   ADDRESS         
           =====                   =======         
           UCA0BR1                 0063 
           UCA0BR1__SPI            0063 
    -------------------------------------------------------------------------
DATA16_AN
  Relative segment, address: 0064 - 0064 (0x1 bytes), align: 0
  Segment part 24. ROOT       Intra module refs:   main
           ENTRY                   ADDRESS         REF BY
           =====                   =======         ======
           _A_UCA0MCTL             0064 
           LOCAL                   ADDRESS         
           =====                   =======         
           UCA0MCTL                0064 
           UCA0MCTL__SPI           0064 
           UCA0MCTL_bit            0064 
    -------------------------------------------------------------------------
DATA16_AN
  Relative segment, address: 0066 - 0066 (0x1 bytes), align: 0
  Segment part 25. ROOT       Intra module refs:   USCI0RX_ISR
           ENTRY                   ADDRESS         REF BY
           =====                   =======         ======
           _A_UCA0RXBUF            0066 
           LOCAL                   ADDRESS         
           =====                   =======         
           UCA0RXBUF               0066 
           UCA0RXBUF__SPI          0066 
    -------------------------------------------------------------------------
DATA16_AN
  Relative segment, address: 0067 - 0067 (0x1 bytes), align: 0
  Segment part 26. ROOT       Intra module refs:   USCI0RX_ISR
                                                   sendCache
           ENTRY                   ADDRESS         REF BY
           =====                   =======         ======
           _A_UCA0TXBUF            0067 
           LOCAL                   ADDRESS         
           =====                   =======         
           UCA0TXBUF               0067 
           UCA0TXBUF__SPI          0067 
    -------------------------------------------------------------------------
DATA16_AN
  Relative segment, address: 0120 - 0121 (0x2 bytes), align: 0
  Segment part 27. ROOT       Intra module refs:   main
           ENTRY                   ADDRESS         REF BY
           =====                   =======         ======
           _A_WDTCTL               0120 
           LOCAL                   ADDRESS         
           =====                   =======         
           WDTCTL                  0120 
           WDTCTL_bit              0120 
    -------------------------------------------------------------------------
DATA16_AN
  Relative segment, address: 10FC - 10FC (0x1 bytes), align: 0
  Segment part 28. ROOT       Intra module refs:   clockConfig
           ENTRY                   ADDRESS         REF BY
           =====                   =======         ======
           CALDCO_8MHZ             10FC 
    -------------------------------------------------------------------------
DATA16_AN
  Relative segment, address: 10FD - 10FD (0x1 bytes), align: 0
  Segment part 29. ROOT       Intra module refs:   clockConfig
           ENTRY                   ADDRESS         REF BY
           =====                   =======         ======
           CALBC1_8MHZ             10FD 
    -------------------------------------------------------------------------
DATA16_I
  Relative segment, address: 1100 - 1101 (0x2 bytes), align: 1
  Segment part 35.            Intra module refs:   Timer_A
           ENTRY                   ADDRESS         REF BY
           =====                   =======         ======
           Code0                   1100 
    -------------------------------------------------------------------------
DATA16_I
  Relative segment, address: 1102 - 1103 (0x2 bytes), align: 1
  Segment part 37.            Intra module refs:   Timer_A
           ENTRY                   ADDRESS         REF BY
           =====                   =======         ======
           Code1                   1102 
    -------------------------------------------------------------------------
DATA16_I
  Relative segment, address: 1104 - 1104 (0x1 bytes), align: 0
  Segment part 39.            Intra module refs:   USCI0RX_ISR
           ENTRY                   ADDRESS         REF BY
           =====                   =======         ======
           radarID                 1104 
    -------------------------------------------------------------------------
DATA16_Z
  Relative segment, address: 110C - 110C (0x1 bytes), align: 0
  Segment part 41.            Intra module refs:   Timer_A
                                                   USCI0RX_ISR
           ENTRY                   ADDRESS         REF BY
           =====                   =======         ======
           startADC                110C 
    -------------------------------------------------------------------------
DATA16_Z
  Relative segment, address: 1106 - 1107 (0x2 bytes), align: 1
  Segment part 42.            Intra module refs:   ADC12ISR
                                                   Timer_A
           ENTRY                   ADDRESS         REF BY
           =====                   =======         ======
           I                       1106 
    -------------------------------------------------------------------------
DATA16_Z
  Relative segment, address: 1108 - 1109 (0x2 bytes), align: 1
  Segment part 43.            Intra module refs:   ADC12ISR
                                                   Timer_A
           ENTRY                   ADDRESS         REF BY
           =====                   =======         ======
           Q                       1108 
    -------------------------------------------------------------------------
DATA16_I
  Relative segment, address: 1105 - 1105 (0x1 bytes), align: 0
  Segment part 44.            Intra module refs:   Timer_A
           ENTRY                   ADDRESS         REF BY
           =====                   =======         ======
           saveTo1                 1105 
    -------------------------------------------------------------------------
DATA16_Z
  Relative segment, address: 110D - 110D (0x1 bytes), align: 0
  Segment part 46.            Intra module refs:   Timer_A
                                                   USCI0RX_ISR
                                                   sendCache
           ENTRY                   ADDRESS         REF BY
           =====                   =======         ======
           cache1ready             110D 
    -------------------------------------------------------------------------
DATA16_Z
  Relative segment, address: 110E - 110E (0x1 bytes), align: 0
  Segment part 47.            Intra module refs:   Timer_A
                                                   USCI0RX_ISR
                                                   sendCache
           ENTRY                   ADDRESS         REF BY
           =====                   =======         ======
           cache2ready             110E 
    -------------------------------------------------------------------------
DATA16_Z
  Relative segment, address: 110A - 110B (0x2 bytes), align: 1
  Segment part 48.            Intra module refs:   Timer_A
           ENTRY                   ADDRESS         REF BY
           =====                   =======         ======
           saveIndex               110A 
    -------------------------------------------------------------------------
DATA16_Z
  Relative segment, address: 110F - 11D6 (0xc8 bytes), align: 0
  Segment part 50.            Intra module refs:   Timer_A
                                                   sendCache
           ENTRY                   ADDRESS         REF BY
           =====                   =======         ======
           cacheIHigh              110F 
    -------------------------------------------------------------------------
DATA16_Z
  Relative segment, address: 11D7 - 129E (0xc8 bytes), align: 0
  Segment part 51.            Intra module refs:   Timer_A
                                                   sendCache
           ENTRY                   ADDRESS         REF BY
           =====                   =======         ======
           cacheILow               11D7 
    -------------------------------------------------------------------------
DATA16_Z
  Relative segment, address: 129F - 1366 (0xc8 bytes), align: 0
  Segment part 52.            Intra module refs:   Timer_A
                                                   sendCache
           ENTRY                   ADDRESS         REF BY
           =====                   =======         ======
           cacheQHigh              129F 
    -------------------------------------------------------------------------
DATA16_Z
  Relative segment, address: 1367 - 142E (0xc8 bytes), align: 0
  Segment part 53.            Intra module refs:   Timer_A
                                                   sendCache
           ENTRY                   ADDRESS         REF BY
           =====                   =======         ======
           cacheQLow               1367 
    -------------------------------------------------------------------------
DATA16_Z
  Relative segment, address: 142F - 14F6 (0xc8 bytes), align: 0
  Segment part 54.            Intra module refs:   Timer_A
                                                   sendCache
           ENTRY                   ADDRESS         REF BY
           =====                   =======         ======
           cacheIIHigh             142F 
    -------------------------------------------------------------------------
DATA16_Z
  Relative segment, address: 14F7 - 15BE (0xc8 bytes), align: 0
  Segment part 55.            Intra module refs:   Timer_A
                                                   sendCache
           ENTRY                   ADDRESS         REF BY
           =====                   =======         ======
           cacheIILow              14F7 
    -------------------------------------------------------------------------
DATA16_Z
  Relative segment, address: 15BF - 1686 (0xc8 bytes), align: 0
  Segment part 56.            Intra module refs:   Timer_A
                                                   sendCache
           ENTRY                   ADDRESS         REF BY
           =====                   =======         ======
           cacheQQHigh             15BF 
    -------------------------------------------------------------------------
DATA16_Z
  Relative segment, address: 1687 - 174E (0xc8 bytes), align: 0
  Segment part 57.            Intra module refs:   Timer_A
                                                   sendCache
           ENTRY                   ADDRESS         REF BY
           =====                   =======         ======
           cacheQQLow              1687 
    -------------------------------------------------------------------------
<CODE> 1 (was CODE)
  Relative segment, address: 2304 - 2383 (0x80 bytes), align: 1
  Segment part 59.
           ENTRY                   ADDRESS         REF BY
           =====                   =======         ======
           main                    2304            Segment part 26 (?cstart)
               calls direct
    -------------------------------------------------------------------------
ISR_CODE
  Relative segment, address: 212E - 213B (0xe bytes), align: 1
  Segment part 61.            Intra module refs:   ADC12ISR::??INTVEC 42
           ENTRY                   ADDRESS         REF BY
           =====                   =======         ======
           ADC12ISR                212E 
               interrupt function
    -------------------------------------------------------------------------
ISR_CODE
  Relative segment, address: 213C - 2225 (0xea bytes), align: 1
  Segment part 62.            Intra module refs:   Timer_A::??INTVEC 50
           ENTRY                   ADDRESS         REF BY
           =====                   =======         ======
           Timer_A                 213C 
               interrupt function
    -------------------------------------------------------------------------
ISR_CODE
  Relative segment, address: 2226 - 2277 (0x52 bytes), align: 1
  Segment part 63.            Intra module refs:   USCI0RX_ISR::??INTVEC 46
           ENTRY                   ADDRESS         REF BY
           =====                   =======         ======
           USCI0RX_ISR             2226 
               interrupt function
               calls direct
    -------------------------------------------------------------------------
<CODE> 1 (was CODE)
  Relative segment, address: 2278 - 2303 (0x8c bytes), align: 1
  Segment part 60.            Intra module refs:   USCI0RX_ISR
           ENTRY                   ADDRESS         REF BY
           =====                   =======         ======
           sendCache               2278 
    -------------------------------------------------------------------------
<CODE> 1 (was CODE)
  Relative segment, address: 2384 - 239D (0x1a bytes), align: 1
  Segment part 58.            Intra module refs:   main
           ENTRY                   ADDRESS         REF BY
           =====                   =======         ======
           clockConfig             2384 
    -------------------------------------------------------------------------
INTVEC
  Common segment, address: FFC0 - FFEB (0x2c bytes), align: 1
  Segment part 30. ROOT 
           ENTRY                   ADDRESS         REF BY
           =====                   =======         ======
           ADC12ISR::??INTVEC 42   FFEA 
    -------------------------------------------------------------------------
INTVEC
  Common segment, address: FFC0 - FFEF (0x30 bytes), align: 1
  Segment part 31. ROOT 
           ENTRY                   ADDRESS         REF BY
           =====                   =======         ======
           USCI0RX_ISR::??INTVEC 46
                                   FFEE 
    -------------------------------------------------------------------------
INTVEC
  Common segment, address: FFC0 - FFF3 (0x34 bytes), align: 1
  Segment part 32. ROOT 
           ENTRY                   ADDRESS         REF BY
           =====                   =======         ======
           Timer_A::??INTVEC 50    FFF2 
    -------------------------------------------------------------------------
DATA16_ID
  Relative segment, address: 2100 - 2101 (0x2 bytes), align: 1
  Segment part 36.            Intra module refs:   Code0
    -------------------------------------------------------------------------
DATA16_ID
  Relative segment, address: 2102 - 2103 (0x2 bytes), align: 1
  Segment part 38.            Intra module refs:   Code1
    -------------------------------------------------------------------------
DATA16_ID
  Relative segment, address: 2104 - 2104 (0x1 bytes), align: 0
  Segment part 40.            Intra module refs:   radarID
    -------------------------------------------------------------------------
DATA16_ID
  Relative segment, address: 2105 - 2105 (0x1 bytes), align: 0
  Segment part 45.            Intra module refs:   saveTo1

    *************************************************************************

  FILE NAME : C:\Program Files (x86)\IAR Systems\Embedded Workbench 7.3\430\lib\dlib\dl430xlsfn.r43
  LIBRARY MODULE, NAME : ?__dbg_break

  SEGMENTS IN THE MODULE
  ======================
<CODE> 1 (was CODE)
  Relative segment, address: 23E0 - 23E1 (0x2 bytes), align: 1
  Segment part 2.
           ENTRY                   ADDRESS         REF BY
           =====                   =======         ======
           __DebugBreak            23E0            __exit (?__exit)

    -------------------------------------------------------------------------
  LIBRARY MODULE, NAME : ?__exit

  SEGMENTS IN THE MODULE
  ======================
<CODE> 1 (was CODE)
  Relative segment, address: 239E - 23B1 (0x14 bytes), align: 1
  Segment part 2.
           ENTRY                   ADDRESS         REF BY
           =====                   =======         ======
           __exit                  239E            Segment part 6 (?_exit)
                                                   _exit (?_exit)
               calls direct

    -------------------------------------------------------------------------
  LIBRARY MODULE, NAME : ?_exit

  SEGMENTS IN THE MODULE
  ======================
<CODE> 1 (was CODE)
  Relative segment, address: 23D8, align: 1
  Segment part 0.
           ENTRY                   ADDRESS         REF BY
           =====                   =======         ======
           _exit                   23D8            exit (?exit)
    -------------------------------------------------------------------------
<CODE> 1 (was CODE)
  Relative segment, address: 23D8 - 23DB (0x4 bytes), align: 1
  Segment part 6.             Intra module refs:   _exit

    -------------------------------------------------------------------------
  LIBRARY MODULE, NAME : ?cstart

  SEGMENTS IN THE MODULE
  ======================
CSTACK
  Relative segment, address: 20B0, align: 1
  Segment part 1.
    -------------------------------------------------------------------------
DATA16_Z
  Relative segment, address: 110C, align: 1
  Segment part 2.
    -------------------------------------------------------------------------
DATA16_I
  Relative segment, address: 1104, align: 1
  Segment part 3.
    -------------------------------------------------------------------------
DATA16_ID
  Relative segment, address: 2104, align: 1
  Segment part 4.
    -------------------------------------------------------------------------
CODE_I
  Relative segment, address: 1750, align: 1
  Segment part 5.
    -------------------------------------------------------------------------
CODE_ID
  Relative segment, address: 23E2, align: 1
  Segment part 6.
    -------------------------------------------------------------------------
DATA20_Z
  Relative segment, address: 1750, align: 1
  Segment part 7.
    -------------------------------------------------------------------------
DATA20_I
  Relative segment, address: 1750, align: 1
  Segment part 8.
    -------------------------------------------------------------------------
DATA20_ID
  Relative segment, address: 23E2, align: 1
  Segment part 9.
    -------------------------------------------------------------------------
DATA20_C
  Relative segment, address: 23E2, align: 1
  Segment part 10.
    -------------------------------------------------------------------------
DATA20_N
  Relative segment, address: 1750, align: 1
  Segment part 12.
    -------------------------------------------------------------------------
CSTART
  Relative segment, address: 2106 - 2109 (0x4 bytes), align: 1
  Segment part 15.
           ENTRY                   ADDRESS         REF BY
           =====                   =======         ======
           __program_start         2106            ?reset_vector (?reset_vector)
                                                   Absolute parts (?ABS_ENTRY_MOD)
           ?cstart_begin           2106 
    -------------------------------------------------------------------------
CSTART
  Relative segment, address: 210A - 2115 (0xc bytes), align: 1
  Segment part 19.
           ENTRY                   ADDRESS         REF BY
           =====                   =======         ======
           ?cstart_init_zero       210A            I (main)
                                                   Q (main)
                                                   cache1ready (main)
                                                   cache2ready (main)
                                                   cacheIHigh (main)
                                                   cacheIIHigh (main)
                                                   cacheIILow (main)
                                                   cacheILow (main)
                                                   cacheQHigh (main)
                                                   cacheQLow (main)
                                                   cacheQQHigh (main)
                                                   cacheQQLow (main)
                                                   saveIndex (main)
                                                   startADC (main)
    -------------------------------------------------------------------------
CSTART
  Relative segment, address: 2116 - 2125 (0x10 bytes), align: 1
  Segment part 20.
           ENTRY                   ADDRESS         REF BY
           =====                   =======         ======
           ?cstart_init_copy       2116            Code0 (main)
                                                   Code1 (main)
                                                   radarID (main)
                                                   saveTo1 (main)
    -------------------------------------------------------------------------
CSTART
  Relative segment, address: 2126 - 212D (0x8 bytes), align: 1
  Segment part 26.            Intra module refs:   Segment part 15
           ENTRY                   ADDRESS         REF BY
           =====                   =======         ======
           ?cstart_call_main       2126 
           ?cstart_end             212E 
    -------------------------------------------------------------------------
CODE_ID
  Relative segment, address: 23E2, align: 1
  Segment part 27.            Intra module refs:   Segment part 5

    -------------------------------------------------------------------------
  LIBRARY MODULE, NAME : ?reset_vector

  SEGMENTS IN THE MODULE
  ======================
RESET
  Relative segment, address: FFFE - FFFF (0x2 bytes), align: 1
  Segment part 0.
           ENTRY                   ADDRESS         REF BY
           =====                   =======         ======
           ?reset_vector           FFFE            Segment part 15 (?cstart)

    -------------------------------------------------------------------------
  LIBRARY MODULE, NAME : ?exit

  SEGMENTS IN THE MODULE
  ======================
<CODE> 1 (was CODE)
  Relative segment, address: 23D4 - 23D7 (0x4 bytes), align: 1
  Segment part 2.
           ENTRY                   ADDRESS         REF BY
           =====                   =======         ======
           exit                    23D4            Segment part 26 (?cstart)
               calls direct

    -------------------------------------------------------------------------
  LIBRARY MODULE, NAME : ?memcpy

  SEGMENTS IN THE MODULE
  ======================
<CODE> 1 (was CODE)
  Relative segment, address: 23B2 - 23C3 (0x12 bytes), align: 1
  Segment part 2.
           ENTRY                   ADDRESS         REF BY
           =====                   =======         ======
           memcpy                  23B2            __data16_memcpy (?memzero)

    -------------------------------------------------------------------------
  LIBRARY MODULE, NAME : ?memzero

  SEGMENTS IN THE MODULE
  ======================
<CODE> 1 (was CODE)
  Relative segment, address: 23C4 - 23D3 (0x10 bytes), align: 1
  Segment part 2.
           ENTRY                   ADDRESS         REF BY
           =====                   =======         ======
           __data16_memzero        23C4            ?cstart_init_zero (?cstart)
    -------------------------------------------------------------------------
<CODE> 1 (was CODE)
  Relative segment, address: 23DC - 23DF (0x4 bytes), align: 1
  Segment part 3.
           ENTRY                   ADDRESS         REF BY
           =====                   =======         ======
           __data16_memcpy         23DC            ?cstart_init_copy (?cstart)
               calls direct




                ****************************************
                *                                      *
                *      SEGMENTS IN ADDRESS ORDER       *
                *                                      *
                ****************************************


SEGMENT              SPACE    START ADDRESS   END ADDRESS     SIZE  TYPE  ALIGN
=======              =====    =============   ===========     ====  ====  =====
DATA16_AN                              0001 - 0001               1   rel    0
                                       0003 - 0003               1 
                                       0019 - 0019               1 
                                       001B - 001B               1 
                                       0022 - 0022               1 
                                       0029 - 002A               2 
                                       0037 - 0037               1 
                                       0056 - 0057               2 
                                       0061 - 0064               4 
                                       0066 - 0067               2 
                                       0080 - 0081               2 
                                       0120 - 0121               2 
                                       0140 - 0143               4 
                                       0160 - 0163               4 
                                       0172 - 0173               2 
                                       01A0 - 01A3               4 
                                       01A6 - 01A7               2 
                                       10FC - 10FD               2 
DATA16_I                               1100 - 1105               6   rel    1
DATA16_Z                               1106 - 174E             649   rel    1
DATA20_I                                  1750                       rel    1
DATA20_Z                                  1750                       rel    1
DATA20_N                                  1750                       rel    1
CODE_I                                    1750                       rel    1
CSTACK                                 20B0 - 20FF              50   rel    1
DATA16_C                                  2100                       dse    0
DATA16_ID                              2100 - 2105               6   rel    1
CSTART                                 2106 - 212D              28   rel    1
ISR_CODE                               212E - 2277             14A   rel    1
<CODE> 1                               2278 - 23E1             16A   rel    1
CODE_ID                                   23E2                       rel    1
DATA20_ID                                 23E2                       rel    1
DATA20_C                                  23E2                       rel    1
INTVEC                                 FFC0 - FFF3              34   com    1
RESET                                  FFFE - FFFF               2   rel    1

                ****************************************
                *                                      *
                *        END OF CROSS REFERENCE        *
                *                                      *
                ****************************************

   786 bytes of CODE  memory
 1 695 bytes of DATA  memory (+ 38 absolute )
     6 bytes of CONST memory

Errors: none
Warnings: none

